127.0.0.1 - - [06/Aug/2020:09:21:55 +0800] "PUT /manager/text/deploy?path=%2FUserSystem HTTP/1.1" 404 - http-bio-8080-exec-1 0
192.168.10.1 - - [06/Aug/2020:09:22:18 +0800] "GET /UserSystem HTTP/1.1" 302 - http-bio-8080-exec-3 0
192.168.10.1 - - [06/Aug/2020:09:22:18 +0800] "GET /UserSystem/ HTTP/1.1" 200 49 http-bio-8080-exec-5 440
192.168.10.1 - - [06/Aug/2020:09:22:18 +0800] "GET /favicon.ico HTTP/1.1" 404 - http-bio-8080-exec-6 0
192.168.10.1 - - [06/Aug/2020:09:22:24 +0800] "GET /UserSystem/table HTTP/1.1" 404 983 http-bio-8080-exec-7 2
192.168.10.1 - - [06/Aug/2020:09:22:28 +0800] "GET /UserSystem/table HTTP/1.1" 404 983 http-bio-8080-exec-8 1
192.168.10.1 - - [06/Aug/2020:09:22:38 +0800] "GET /UserSystem/table.jsp HTTP/1.1" 200 459 http-bio-8080-exec-10 47
127.0.0.1 - - [06/Aug/2020:09:31:19 +0800] "PUT /manager/text/deploy?path=%2FUserSystem HTTP/1.1" 404 - http-bio-8080-exec-2 0
192.168.10.1 - - [06/Aug/2020:09:31:19 +0800] "GET /UserSystem/table.jsp HTTP/1.1" 200 460 http-bio-8080-exec-5 78
192.168.10.1 - - [06/Aug/2020:09:33:56 +0800] "GET /UserSystem/table.jsp HTTP/1.1" 200 481 http-bio-8080-exec-4 94
127.0.0.1 - - [06/Aug/2020:09:33:58 +0800] "PUT /manager/text/deploy?path=%2FUserSystem HTTP/1.1" 404 - http-bio-8080-exec-9 0
127.0.0.1 - - [06/Aug/2020:09:34:17 +0800] "PUT /manager/text/deploy?path=%2FUserSystem&update=true HTTP/1.1" 404 - http-bio-8080-exec-6 0
192.168.10.1 - - [06/Aug/2020:09:34:19 +0800] "GET /UserSystem/table.jsp HTTP/1.1" 200 483 http-bio-8080-exec-4 35
192.168.10.1 - - [06/Aug/2020:09:34:20 +0800] "GET /UserSystem/table.jsp HTTP/1.1" 200 483 http-bio-8080-exec-4 1
192.168.10.1 - - [06/Aug/2020:09:34:21 +0800] "GET /UserSystem/table.jsp HTTP/1.1" 200 483 http-bio-8080-exec-4 0
127.0.0.1 - - [06/Aug/2020:09:38:34 +0800] "PUT /manager/text/deploy?path=%2FUserSystem HTTP/1.1" 404 - http-bio-8080-exec-10 0
192.168.10.1 - - [06/Aug/2020:09:38:43 +0800] "GET /UserSystem/table.jsp HTTP/1.1" 200 576 http-bio-8080-exec-7 57
192.168.10.1 - - [06/Aug/2020:09:39:22 +0800] "GET /UserSystem/table.jsp HTTP/1.1" 200 564 http-bio-8080-exec-7 77
127.0.0.1 - - [06/Aug/2020:09:39:22 +0800] "PUT /manager/text/deploy?path=%2FUserSystem HTTP/1.1" 404 - http-bio-8080-exec-1 0
127.0.0.1 - - [06/Aug/2020:09:53:01 +0800] "PUT /manager/text/deploy?path=%2FUserSystem HTTP/1.1" 404 - http-bio-8080-exec-4 0
127.0.0.1 - - [06/Aug/2020:09:53:45 +0800] "PUT /manager/text/deploy?path=%2FUserSystem&update=true HTTP/1.1" 404 - http-bio-8080-exec-10 0
127.0.0.1 - - [06/Aug/2020:09:55:44 +0800] "PUT /manager/text/deploy?path=%2FUserSystem&update=true HTTP/1.1" 404 - http-bio-8080-exec-6 0
192.168.10.1 - - [06/Aug/2020:09:56:20 +0800] "GET /UserSystem/user/gotologin.action HTTP/1.1" 404 1001 http-bio-8080-exec-2 176
192.168.10.1 - - [06/Aug/2020:09:56:28 +0800] "GET /UserSystem/user/gotologin:action HTTP/1.1" 404 1015 http-bio-8080-exec-2 1
127.0.0.1 - - [06/Aug/2020:09:57:07 +0800] "PUT /manager/text/deploy?path=%2FUserSystem&update=true HTTP/1.1" 404 - http-bio-8080-exec-9 0
192.168.10.1 - - [06/Aug/2020:09:57:17 +0800] "GET /UserSystem/user/gotologin HTTP/1.1" 404 1001 http-bio-8080-exec-2 1
192.168.10.1 - - [06/Aug/2020:09:58:06 +0800] "GET /UserSystem/user/gotologin HTTP/1.1" 404 1001 http-bio-8080-exec-1 273
127.0.0.1 - - [06/Aug/2020:10:02:22 +0800] "PUT /manager/text/deploy?path=%2FUserSystem&update=true HTTP/1.1" 404 - http-bio-8080-exec-4 0
127.0.0.1 - - [06/Aug/2020:10:03:49 +0800] "PUT /manager/text/deploy?path=%2FUserSystem&update=true HTTP/1.1" 404 - http-bio-8080-exec-6 0
192.168.10.1 - - [06/Aug/2020:10:03:49 +0800] "GET /UserSystem/user/gotologin HTTP/1.1" 404 1001 http-bio-8080-exec-7 3
192.168.10.1 - - [06/Aug/2020:10:03:52 +0800] "GET /UserSystem/user/gotologin HTTP/1.1" 404 1001 http-bio-8080-exec-9 1
192.168.10.1 - - [06/Aug/2020:10:03:53 +0800] "GET /UserSystem/user/gotologin HTTP/1.1" 404 1001 http-bio-8080-exec-9 1
192.168.10.1 - - [06/Aug/2020:10:03:54 +0800] "GET /UserSystem/user/gotologin HTTP/1.1" 404 1001 http-bio-8080-exec-9 1
192.168.10.1 - - [06/Aug/2020:10:04:10 +0800] "GET /UserSystem/login.jsp HTTP/1.1" 200 338 http-bio-8080-exec-9 443
192.168.10.1 - - [06/Aug/2020:10:04:30 +0800] "GET /UserSystem/login.jsp HTTP/1.1" 200 348 http-bio-8080-exec-9 87
127.0.0.1 - - [06/Aug/2020:10:04:32 +0800] "PUT /manager/text/deploy?path=%2FUserSystem&update=true HTTP/1.1" 404 - http-bio-8080-exec-10 0
127.0.0.1 - - [06/Aug/2020:10:04:46 +0800] "PUT /manager/text/deploy?path=%2FUserSystem&update=true HTTP/1.1" 404 - http-bio-8080-exec-2 0
127.0.0.1 - - [06/Aug/2020:10:05:34 +0800] "PUT /manager/text/deploy?path=%2FUserSystem&update=true HTTP/1.1" 404 - http-bio-8080-exec-8 0
127.0.0.1 - - [06/Aug/2020:10:06:00 +0800] "PUT /manager/text/deploy?path=%2FUserSystem&update=true HTTP/1.1" 404 - http-bio-8080-exec-4 0
192.168.10.1 - - [06/Aug/2020:10:08:58 +0800] "GET /UserSystem HTTP/1.1" 302 - http-bio-8080-exec-1 0
192.168.10.1 - - [06/Aug/2020:10:08:59 +0800] "GET /UserSystem/ HTTP/1.1" 302 - http-bio-8080-exec-3 394
192.168.10.1 - - [06/Aug/2020:10:08:59 +0800] "GET /UserSystem/user/gotoLogin HTTP/1.1" 200 353 http-bio-8080-exec-4 243
192.168.10.1 - - [06/Aug/2020:10:09:18 +0800] "POST /UserSystem/user/table.jsp HTTP/1.1" 404 1001 http-bio-8080-exec-5 2
192.168.10.1 - - [06/Aug/2020:10:09:38 +0800] "GET /UserSystem/table.jsp HTTP/1.1" 200 564 http-bio-8080-exec-7 4
127.0.0.1 - - [06/Aug/2020:10:10:10 +0800] "PUT /manager/text/deploy?path=%2FUserSystem&update=true HTTP/1.1" 404 - http-bio-8080-exec-10 0
192.168.10.1 - - [06/Aug/2020:10:10:11 +0800] "GET /UserSystem/ HTTP/1.1" 302 - http-bio-8080-exec-9 2
192.168.10.1 - - [06/Aug/2020:10:10:11 +0800] "GET /UserSystem/user/gotoLogin HTTP/1.1" 200 359 http-bio-8080-exec-9 35
192.168.10.1 - - [06/Aug/2020:10:10:13 +0800] "POST /UserSystem/user/table.jsp HTTP/1.1" 404 1001 http-bio-8080-exec-9 1
127.0.0.1 - - [06/Aug/2020:10:11:00 +0800] "PUT /manager/text/deploy?path=%2FUserSystem&update=true HTTP/1.1" 404 - http-bio-8080-exec-6 0
192.168.10.1 - - [06/Aug/2020:10:11:04 +0800] "GET /UserSystem HTTP/1.1" 302 - http-bio-8080-exec-9 0
192.168.10.1 - - [06/Aug/2020:10:11:04 +0800] "GET /UserSystem/ HTTP/1.1" 302 - http-bio-8080-exec-9 1
192.168.10.1 - - [06/Aug/2020:10:11:04 +0800] "GET /UserSystem/user/gotoLogin HTTP/1.1" 200 353 http-bio-8080-exec-9 33
192.168.10.1 - - [06/Aug/2020:10:11:06 +0800] "POST /UserSystem/user/table.jsp HTTP/1.1" 404 1001 http-bio-8080-exec-9 1
127.0.0.1 - - [06/Aug/2020:10:12:05 +0800] "PUT /manager/text/deploy?path=%2FUserSystem&update=true HTTP/1.1" 404 - http-bio-8080-exec-5 0
192.168.10.1 - - [06/Aug/2020:10:12:08 +0800] "GET /UserSystem/ HTTP/1.1" 302 - http-bio-8080-exec-7 3
192.168.10.1 - - [06/Aug/2020:10:12:08 +0800] "GET /UserSystem/user/gotoLogin HTTP/1.1" 200 353 http-bio-8080-exec-7 3
192.168.10.1 - - [06/Aug/2020:10:12:09 +0800] "POST /UserSystem/user/table.jsp HTTP/1.1" 404 1001 http-bio-8080-exec-7 0
192.168.10.1 - - [06/Aug/2020:10:13:31 +0800] "GET /UserSystem HTTP/1.1" 302 - http-bio-8080-exec-2 0
192.168.10.1 - - [06/Aug/2020:10:13:31 +0800] "GET /UserSystem/ HTTP/1.1" 302 - http-bio-8080-exec-2 2
192.168.10.1 - - [06/Aug/2020:10:13:31 +0800] "GET /UserSystem/user/gotoLogin HTTP/1.1" 200 353 http-bio-8080-exec-2 2
192.168.10.1 - - [06/Aug/2020:10:13:45 +0800] "POST /UserSystem/user/table.jsp HTTP/1.1" 404 1001 http-bio-8080-exec-2 1
192.168.10.1 - - [06/Aug/2020:10:14:12 +0800] "GET /UserSystem/table.jsp HTTP/1.1" 200 564 http-bio-8080-exec-2 2
127.0.0.1 - - [06/Aug/2020:10:15:50 +0800] "PUT /manager/text/deploy?path=%2FUserSystem&update=true HTTP/1.1" 404 - http-bio-8080-exec-7 0
192.168.10.1 - - [06/Aug/2020:10:15:52 +0800] "GET / HTTP/1.1" 404 - http-bio-8080-exec-5 0
192.168.10.1 - - [06/Aug/2020:10:16:02 +0800] "GET /UserSystem HTTP/1.1" 302 - http-bio-8080-exec-5 0
192.168.10.1 - - [06/Aug/2020:10:16:02 +0800] "GET /UserSystem/ HTTP/1.1" 302 - http-bio-8080-exec-5 1
192.168.10.1 - - [06/Aug/2020:10:16:02 +0800] "GET /UserSystem/user/gotoLogin HTTP/1.1" 200 359 http-bio-8080-exec-10 35
192.168.10.1 - - [06/Aug/2020:10:16:03 +0800] "POST /UserSystem/user/table.jsp HTTP/1.1" 404 1001 http-bio-8080-exec-10 1
127.0.0.1 - - [06/Aug/2020:10:17:25 +0800] "PUT /manager/text/deploy?path=%2FUserSystem&update=true HTTP/1.1" 404 - http-bio-8080-exec-7 0
192.168.10.1 - - [06/Aug/2020:10:17:26 +0800] "GET /UserSystem/ HTTP/1.1" 302 - http-bio-8080-exec-1 2
192.168.10.1 - - [06/Aug/2020:10:17:26 +0800] "GET /UserSystem/user/gotoLogin HTTP/1.1" 302 - http-bio-8080-exec-1 47
192.168.10.1 - - [06/Aug/2020:10:17:26 +0800] "GET /UserSystem/user/gotoTable HTTP/1.1" 404 949 http-bio-8080-exec-1 2
192.168.10.1 - - [06/Aug/2020:10:17:33 +0800] "GET /UserSystem/ HTTP/1.1" 302 - http-bio-8080-exec-1 2
192.168.10.1 - - [06/Aug/2020:10:17:33 +0800] "GET /UserSystem/user/gotoLogin HTTP/1.1" 302 - http-bio-8080-exec-1 3
192.168.10.1 - - [06/Aug/2020:10:17:33 +0800] "GET /UserSystem/user/gotoTable HTTP/1.1" 404 949 http-bio-8080-exec-1 1
192.168.10.1 - - [06/Aug/2020:10:17:54 +0800] "GET /UserSystem/user/gotoTable HTTP/1.1" 404 949 http-bio-8080-exec-1 2
192.168.10.1 - - [06/Aug/2020:10:17:55 +0800] "GET /UserSystem/user/gotoTable HTTP/1.1" 404 949 http-bio-8080-exec-1 2
192.168.10.1 - - [06/Aug/2020:10:17:56 +0800] "GET /UserSystem/user/gotoTable HTTP/1.1" 404 949 http-bio-8080-exec-1 1
192.168.10.1 - - [06/Aug/2020:10:17:56 +0800] "GET /UserSystem/user/gotoTable HTTP/1.1" 404 949 http-bio-8080-exec-1 1
192.168.10.1 - - [06/Aug/2020:10:18:01 +0800] "GET /UserSystem/user/gotoLogin HTTP/1.1" 302 - http-bio-8080-exec-1 3
192.168.10.1 - - [06/Aug/2020:10:18:01 +0800] "GET /UserSystem/user/gotoTable HTTP/1.1" 404 949 http-bio-8080-exec-1 1
127.0.0.1 - - [06/Aug/2020:10:18:32 +0800] "PUT /manager/text/deploy?path=%2FUserSystem&update=true HTTP/1.1" 404 - http-bio-8080-exec-10 0
192.168.10.1 - - [06/Aug/2020:10:18:33 +0800] "GET /UserSystem/ HTTP/1.1" 302 - http-bio-8080-exec-1 3
192.168.10.1 - - [06/Aug/2020:10:18:33 +0800] "GET /UserSystem/user/gotoLogin HTTP/1.1" 200 361 http-bio-8080-exec-1 58
192.168.10.1 - - [06/Aug/2020:10:22:40 +0800] "GET /UserSystem/user/gotoTable HTTP/1.1" 404 949 http-bio-8080-exec-9 2
127.0.0.1 - - [06/Aug/2020:10:23:13 +0800] "PUT /manager/text/deploy?path=%2FUserSystem&update=true HTTP/1.1" 404 - http-bio-8080-exec-7 0
192.168.10.1 - - [06/Aug/2020:10:23:13 +0800] "GET /UserSystem/user/gotoTable HTTP/1.1" 404 949 http-bio-8080-exec-9 1
192.168.10.1 - - [06/Aug/2020:10:23:15 +0800] "GET /UserSystem/user/gotoTable HTTP/1.1" 404 949 http-bio-8080-exec-9 1
192.168.10.1 - - [06/Aug/2020:10:23:16 +0800] "GET /UserSystem/user/gotoTable HTTP/1.1" 404 949 http-bio-8080-exec-9 1
192.168.10.1 - - [06/Aug/2020:10:24:28 +0800] "GET /UserSystem/gotoTable HTTP/1.1" 404 949 http-bio-8080-exec-1 2
192.168.10.1 - - [06/Aug/2020:10:26:16 +0800] "GET /UserSystem/gotoTable HTTP/1.1" 404 949 http-bio-8080-exec-7 1
127.0.0.1 - - [06/Aug/2020:10:46:13 +0800] "PUT /manager/text/deploy?path=%2FUserSystem&update=true HTTP/1.1" 404 - http-bio-8080-exec-6 0
192.168.10.1 - - [06/Aug/2020:10:46:21 +0800] "GET /UserSystem/ HTTP/1.1" 302 - http-bio-8080-exec-8 2
192.168.10.1 - - [06/Aug/2020:10:46:21 +0800] "GET /UserSystem/user/gotoLogin HTTP/1.1" 200 475 http-bio-8080-exec-8 54
192.168.10.1 - - [06/Aug/2020:10:46:28 +0800] "POST /UserSystem/user/$%7BpageContext.request.contextPath%7D/user/dologin HTTP/1.1" 404 949 http-bio-8080-exec-8 1
192.168.10.1 - - [06/Aug/2020:10:47:15 +0800] "GET /UserSystem HTTP/1.1" 302 - http-bio-8080-exec-8 0
192.168.10.1 - - [06/Aug/2020:10:47:15 +0800] "GET /UserSystem/ HTTP/1.1" 302 - http-bio-8080-exec-8 2
192.168.10.1 - - [06/Aug/2020:10:47:15 +0800] "GET /UserSystem/user/gotoLogin HTTP/1.1" 200 475 http-bio-8080-exec-8 2
192.168.10.1 - - [06/Aug/2020:11:57:15 +0800] "GET / HTTP/1.1" 404 - http-bio-8080-exec-1 0
192.168.10.1 - - [06/Aug/2020:11:57:22 +0800] "GET /UserSystem HTTP/1.1" 302 - http-bio-8080-exec-3 0
192.168.10.1 - - [06/Aug/2020:11:57:22 +0800] "GET /UserSystem/ HTTP/1.1" 302 - http-bio-8080-exec-4 41
192.168.10.1 - - [06/Aug/2020:11:57:23 +0800] "GET /UserSystem/user/gotoLogin HTTP/1.1" 200 475 http-bio-8080-exec-5 834
192.168.10.1 - - [06/Aug/2020:11:57:37 +0800] "POST /UserSystem/user/$%7BpageContext.request.contextPath%7D/user/doLogin HTTP/1.1" 404 949 http-bio-8080-exec-6 5
192.168.10.1 - - [06/Aug/2020:11:59:42 +0800] "GET /UserSystem/ HTTP/1.1" 302 - http-bio-8080-exec-1 47
192.168.10.1 - - [06/Aug/2020:11:59:43 +0800] "GET /UserSystem/user/gotoLogin HTTP/1.1" 200 473 http-bio-8080-exec-3 564
192.168.10.1 - - [06/Aug/2020:13:50:22 +0800] "GET /UserSystem/ HTTP/1.1" 302 - http-bio-8080-exec-1 46
192.168.10.1 - - [06/Aug/2020:13:50:23 +0800] "GET /UserSystem/user/gotoLogin HTTP/1.1" 200 455 http-bio-8080-exec-3 565
192.168.10.1 - - [06/Aug/2020:13:50:34 +0800] "POST /UserSystem/user/$%7BpageContext.request.contextPath%7D/user/doLogin HTTP/1.1" 404 949 http-bio-8080-exec-4 4
192.168.10.1 - - [06/Aug/2020:13:52:27 +0800] "GET /UserSystem/ HTTP/1.1" 302 - http-bio-8080-exec-1 64
192.168.10.1 - - [06/Aug/2020:13:52:28 +0800] "GET /UserSystem/user/gotoLogin HTTP/1.1" 200 455 http-bio-8080-exec-3 292
192.168.10.1 - - [06/Aug/2020:13:52:38 +0800] "POST /UserSystem/user/$%7BpageContext.request.contextPath%7D/user/doLogin HTTP/1.1" 404 949 http-bio-8080-exec-4 6
192.168.10.1 - - [06/Aug/2020:14:03:14 +0800] "GET /UserSystem/ HTTP/1.1" 302 - http-bio-8080-exec-1 82
192.168.10.1 - - [06/Aug/2020:14:03:14 +0800] "GET /UserSystem/user/gotoLogin HTTP/1.1" 200 455 http-bio-8080-exec-3 287
192.168.10.1 - - [06/Aug/2020:14:03:17 +0800] "POST /UserSystem/user/$%7BpageContext.request.contextPath%7D/user/doLogin HTTP/1.1" 404 949 http-bio-8080-exec-4 5
192.168.10.1 - - [06/Aug/2020:14:04:32 +0800] "GET /UserSystem HTTP/1.1" 302 - http-bio-8080-exec-1 0
192.168.10.1 - - [06/Aug/2020:14:04:32 +0800] "GET /UserSystem/ HTTP/1.1" 302 - http-bio-8080-exec-3 49
192.168.10.1 - - [06/Aug/2020:14:04:33 +0800] "GET /UserSystem/user/gotoLogin HTTP/1.1" 200 455 http-bio-8080-exec-4 286
192.168.10.1 - - [06/Aug/2020:14:04:45 +0800] "POST /UserSystem/user/$%7BpageContext.request.contextPath%7D/user/doLogin HTTP/1.1" 404 949 http-bio-8080-exec-5 6
192.168.10.1 - - [06/Aug/2020:14:27:19 +0800] "GET /UserSystem/ HTTP/1.1" 302 - http-bio-8080-exec-2 77
192.168.10.1 - - [06/Aug/2020:14:27:20 +0800] "GET /UserSystem/user/gotoLogin HTTP/1.1" 200 455 http-bio-8080-exec-3 289
192.168.10.1 - - [06/Aug/2020:14:27:27 +0800] "POST /UserSystem/user/$%7BpageContext.request.contextPath%7D/user/doLogin HTTP/1.1" 404 949 http-bio-8080-exec-4 5
192.168.10.1 - - [06/Aug/2020:14:49:55 +0800] "GET /UserSystem/ HTTP/1.1" 302 - http-bio-8080-exec-1 54
192.168.10.1 - - [06/Aug/2020:14:49:55 +0800] "GET /UserSystem/user/gotoLogin HTTP/1.1" 200 455 http-bio-8080-exec-3 190
192.168.10.1 - - [06/Aug/2020:14:49:58 +0800] "POST /UserSystem/user/$%7BpageContext.request.contextPath%7D/user/doLogin HTTP/1.1" 404 949 http-bio-8080-exec-4 3
192.168.10.1 - - [06/Aug/2020:14:50:48 +0800] "GET /UserSystem/ HTTP/1.1" 302 - http-bio-8080-exec-5 3
192.168.10.1 - - [06/Aug/2020:14:50:48 +0800] "GET /UserSystem/user/gotoLogin HTTP/1.1" 200 455 http-bio-8080-exec-7 3
127.0.0.1 - - [06/Aug/2020:14:50:50 +0800] "PUT /manager/text/deploy?path=%2FUserSystem HTTP/1.1" 404 - http-bio-8080-exec-9 0
127.0.0.1 - - [06/Aug/2020:14:51:50 +0800] "PUT /manager/text/deploy?path=%2FUserSystem&update=true HTTP/1.1" 404 - http-bio-8080-exec-1 0
192.168.10.1 - - [06/Aug/2020:14:52:00 +0800] "GET /UserSystem/ HTTP/1.1" 302 - http-bio-8080-exec-4 3
192.168.10.1 - - [06/Aug/2020:14:52:00 +0800] "GET /UserSystem/user/gotoLogin HTTP/1.1" 200 455 http-bio-8080-exec-4 3
192.168.10.1 - - [06/Aug/2020:14:52:02 +0800] "GET /UserSystem/user/gotoLogin HTTP/1.1" 200 455 http-bio-8080-exec-4 2
192.168.10.1 - - [06/Aug/2020:14:52:05 +0800] "GET /UserSystem HTTP/1.1" 302 - http-bio-8080-exec-4 0
192.168.10.1 - - [06/Aug/2020:14:52:05 +0800] "GET /UserSystem/ HTTP/1.1" 302 - http-bio-8080-exec-4 1
192.168.10.1 - - [06/Aug/2020:14:52:05 +0800] "GET /UserSystem/user/gotoLogin HTTP/1.1" 200 455 http-bio-8080-exec-4 2
192.168.10.1 - - [06/Aug/2020:14:52:17 +0800] "POST /UserSystem/user/$%7BpageContext.request.contextPath%7D/user/doLogin HTTP/1.1" 404 949 http-bio-8080-exec-4 2
127.0.0.1 - - [06/Aug/2020:14:53:09 +0800] "PUT /manager/text/deploy?path=%2FUserSystem&update=true HTTP/1.1" 404 - http-bio-8080-exec-5 0
192.168.10.1 - - [06/Aug/2020:14:53:12 +0800] "GET /UserSystem/ HTTP/1.1" 302 - http-bio-8080-exec-4 2
192.168.10.1 - - [06/Aug/2020:14:53:12 +0800] "GET /UserSystem/user/gotoLogin HTTP/1.1" 200 431 http-bio-8080-exec-4 355
192.168.10.1 - - [06/Aug/2020:14:53:15 +0800] "POST /UserSystem/user/UserSystem/user/doLogin HTTP/1.1" 404 949 http-bio-8080-exec-4 1
127.0.0.1 - - [06/Aug/2020:14:54:08 +0800] "PUT /manager/text/deploy?path=%2FUserSystem&update=true HTTP/1.1" 404 - http-bio-8080-exec-2 0
192.168.10.1 - - [06/Aug/2020:14:54:23 +0800] "GET /UserSystem HTTP/1.1" 302 - http-bio-8080-exec-3 0
192.168.10.1 - - [06/Aug/2020:14:54:23 +0800] "GET /UserSystem/ HTTP/1.1" 302 - http-bio-8080-exec-3 2
192.168.10.1 - - [06/Aug/2020:14:54:23 +0800] "GET /UserSystem/user/gotoLogin HTTP/1.1" 200 455 http-bio-8080-exec-3 55
192.168.10.1 - - [06/Aug/2020:14:54:26 +0800] "POST /UserSystem/user/$%7BpageContext.request.contextPath%7D/user/doLogin HTTP/1.1" 404 949 http-bio-8080-exec-3 3
192.168.10.1 - - [06/Aug/2020:14:57:27 +0800] "GET /UserSystem HTTP/1.1" 302 - http-bio-8080-exec-1 0
192.168.10.1 - - [06/Aug/2020:14:57:27 +0800] "GET /UserSystem/ HTTP/1.1" 302 - http-bio-8080-exec-3 51
192.168.10.1 - - [06/Aug/2020:14:57:27 +0800] "GET /UserSystem/user/gotoLogin HTTP/1.1" 200 455 http-bio-8080-exec-4 190
192.168.10.1 - - [06/Aug/2020:14:57:43 +0800] "POST /UserSystem/user/$%7BpageContext.request.contextPath%7D/user/doLogin HTTP/1.1" 404 949 http-bio-8080-exec-5 3
192.168.10.1 - - [06/Aug/2020:14:58:54 +0800] "GET /UserSystem/ HTTP/1.1" 302 - http-bio-8080-exec-8 3
192.168.10.1 - - [06/Aug/2020:14:58:54 +0800] "GET /UserSystem/user/gotoLogin HTTP/1.1" 200 455 http-bio-8080-exec-10 3
192.168.10.1 - - [06/Aug/2020:14:59:36 +0800] "POST /UserSystem/user/$%7BpageContext.request.contextPath%7D/user/doLogin HTTP/1.1" 404 949 http-bio-8080-exec-10 2
192.168.10.1 - - [06/Aug/2020:15:03:42 +0800] "GET /UserSystem/ HTTP/1.1" 302 - http-bio-8080-exec-1 51
192.168.10.1 - - [06/Aug/2020:15:03:43 +0800] "GET /UserSystem/user/gotoLogin HTTP/1.1" 200 409 http-bio-8080-exec-3 677
192.168.10.1 - - [06/Aug/2020:15:03:52 +0800] "POST /UserSystem/user/doLogin HTTP/1.1" 200 448 http-bio-8080-exec-4 38
192.168.10.1 - - [06/Aug/2020:15:08:33 +0800] "POST /UserSystem/user/doLogin HTTP/1.1" 500 12403 http-bio-8080-exec-6 30379
127.0.0.1 - - [06/Aug/2020:15:10:08 +0800] "PUT /manager/text/deploy?path=%2FUserSystem&update=true HTTP/1.1" 404 - http-bio-8080-exec-8 0
192.168.10.1 - - [06/Aug/2020:15:10:12 +0800] "GET /UserSystem HTTP/1.1" 302 - http-bio-8080-exec-10 0
192.168.10.1 - - [06/Aug/2020:15:10:12 +0800] "GET /UserSystem/ HTTP/1.1" 302 - http-bio-8080-exec-10 2
192.168.10.1 - - [06/Aug/2020:15:10:12 +0800] "GET /UserSystem/user/gotoLogin HTTP/1.1" 200 408 http-bio-8080-exec-10 63
192.168.10.1 - - [06/Aug/2020:15:10:49 +0800] "POST /UserSystem/user/doLogin HTTP/1.1" 500 12403 http-bio-8080-exec-5 16679
192.168.10.1 - - [06/Aug/2020:15:10:49 +0800] "POST /UserSystem/user/doLogin HTTP/1.1" 500 12403 http-bio-8080-exec-10 30096
192.168.10.1 - - [06/Aug/2020:15:16:03 +0800] "GET /UserSystem HTTP/1.1" 302 - http-bio-8080-exec-1 0
192.168.10.1 - - [06/Aug/2020:15:16:03 +0800] "GET /UserSystem/ HTTP/1.1" 302 - http-bio-8080-exec-3 48
192.168.10.1 - - [06/Aug/2020:15:16:03 +0800] "GET /UserSystem/user/gotoLogin HTTP/1.1" 200 408 http-bio-8080-exec-4 738
192.168.10.1 - - [06/Aug/2020:15:16:09 +0800] "POST /UserSystem/user/doLogin HTTP/1.1" 200 119 http-bio-8080-exec-5 449
127.0.0.1 - - [06/Aug/2020:15:17:06 +0800] "PUT /manager/text/deploy?path=%2FUserSystem&update=true HTTP/1.1" 404 - http-bio-8080-exec-7 0
192.168.10.1 - - [06/Aug/2020:15:17:15 +0800] "GET /UserSystem HTTP/1.1" 302 - http-bio-8080-exec-9 0
192.168.10.1 - - [06/Aug/2020:15:17:15 +0800] "GET /UserSystem/ HTTP/1.1" 302 - http-bio-8080-exec-9 1
192.168.10.1 - - [06/Aug/2020:15:17:15 +0800] "GET /UserSystem/user/gotoLogin HTTP/1.1" 200 408 http-bio-8080-exec-9 2
192.168.10.1 - - [06/Aug/2020:15:17:20 +0800] "POST /UserSystem/user/doLogin HTTP/1.1" 200 108 http-bio-8080-exec-9 55
192.168.10.1 - - [06/Aug/2020:15:37:27 +0800] "GET /UserSystem HTTP/1.1" 302 - http-bio-8080-exec-1 0
192.168.10.1 - - [06/Aug/2020:15:37:27 +0800] "GET /UserSystem/ HTTP/1.1" 302 - http-bio-8080-exec-3 47
192.168.10.1 - - [06/Aug/2020:15:37:27 +0800] "GET /UserSystem/user/gotoLogin HTTP/1.1" 200 408 http-bio-8080-exec-4 295
192.168.10.1 - - [06/Aug/2020:15:37:40 +0800] "POST /UserSystem/user/doLogin HTTP/1.1" 200 108 http-bio-8080-exec-5 482
192.168.10.1 - - [06/Aug/2020:15:40:10 +0800] "GET /UserSystem/register.jsp HTTP/1.1" 500 2851 http-bio-8080-exec-8 383
127.0.0.1 - - [06/Aug/2020:15:42:02 +0800] "PUT /manager/text/deploy?path=%2FUserSystem&update=true HTTP/1.1" 404 - http-bio-8080-exec-10 0
192.168.10.1 - - [06/Aug/2020:15:42:39 +0800] "GET /UserSystem/ HTTP/1.1" 302 - http-bio-8080-exec-1 51
192.168.10.1 - - [06/Aug/2020:15:42:39 +0800] "GET /UserSystem/user/gotoLogin HTTP/1.1" 200 437 http-bio-8080-exec-3 636
127.0.0.1 - - [06/Aug/2020:15:43:20 +0800] "PUT /manager/text/deploy?path=%2FUserSystem&update=true HTTP/1.1" 404 - http-bio-8080-exec-5 0
192.168.10.1 - - [06/Aug/2020:15:43:23 +0800] "GET /UserSystem/ HTTP/1.1" 302 - http-bio-8080-exec-4 2
192.168.10.1 - - [06/Aug/2020:15:43:23 +0800] "GET /UserSystem/user/gotoLogin HTTP/1.1" 200 446 http-bio-8080-exec-8 61
192.168.10.1 - - [06/Aug/2020:15:43:25 +0800] "GET /UserSystem/user/gotoRegister HTTP/1.1" 500 4374 http-bio-8080-exec-9 13
192.168.10.1 - - [06/Aug/2020:15:44:26 +0800] "GET /UserSystem HTTP/1.1" 302 - http-bio-8080-exec-1 0
192.168.10.1 - - [06/Aug/2020:15:44:26 +0800] "GET /UserSystem/ HTTP/1.1" 302 - http-bio-8080-exec-1 2
192.168.10.1 - - [06/Aug/2020:15:44:26 +0800] "GET /UserSystem/user/gotoLogin HTTP/1.1" 200 446 http-bio-8080-exec-1 2
192.168.10.1 - - [06/Aug/2020:15:44:30 +0800] "GET /UserSystem/user/gotoRegister HTTP/1.1" 500 4374 http-bio-8080-exec-1 7
192.168.10.1 - - [06/Aug/2020:15:46:52 +0800] "GET /UserSystem/ HTTP/1.1" 302 - http-bio-8080-exec-2 2
192.168.10.1 - - [06/Aug/2020:15:46:52 +0800] "GET /UserSystem/user/gotoLogin HTTP/1.1" 200 446 http-bio-8080-exec-2 3
192.168.10.1 - - [06/Aug/2020:16:01:03 +0800] "GET /UserSystem/ HTTP/1.1" 302 - http-bio-8080-exec-1 95
192.168.10.1 - - [06/Aug/2020:16:01:03 +0800] "GET /UserSystem/user/gotoLogin HTTP/1.1" 200 446 http-bio-8080-exec-3 338
192.168.10.1 - - [06/Aug/2020:16:01:08 +0800] "GET /UserSystem/user/gotoRegister HTTP/1.1" 500 4374 http-bio-8080-exec-4 15
192.168.10.1 - - [06/Aug/2020:16:02:56 +0800] "GET /UserSystem/ HTTP/1.1" 302 - http-bio-8080-exec-5 3
192.168.10.1 - - [06/Aug/2020:16:02:56 +0800] "GET /UserSystem/user/gotoLogin HTTP/1.1" 200 446 http-bio-8080-exec-7 3
192.168.10.1 - - [06/Aug/2020:16:03:29 +0800] "GET /UserSystem HTTP/1.1" 302 - http-bio-8080-exec-8 0
192.168.10.1 - - [06/Aug/2020:16:03:29 +0800] "GET /UserSystem/ HTTP/1.1" 302 - http-bio-8080-exec-10 2
192.168.10.1 - - [06/Aug/2020:16:03:29 +0800] "GET /UserSystem/user/gotoLogin HTTP/1.1" 200 446 http-bio-8080-exec-10 4
192.168.10.1 - - [06/Aug/2020:16:03:44 +0800] "GET /UserSystem HTTP/1.1" 302 - http-bio-8080-exec-10 0
192.168.10.1 - - [06/Aug/2020:16:03:44 +0800] "GET /UserSystem/ HTTP/1.1" 302 - http-bio-8080-exec-10 1
192.168.10.1 - - [06/Aug/2020:16:03:44 +0800] "GET /UserSystem/user/gotoLogin HTTP/1.1" 200 446 http-bio-8080-exec-10 3
127.0.0.1 - - [06/Aug/2020:16:03:45 +0800] "PUT /manager/text/deploy?path=%2FUserSystem&update=true HTTP/1.1" 404 - http-bio-8080-exec-6 0
192.168.10.1 - - [06/Aug/2020:16:03:49 +0800] "GET /UserSystem/user/gotoRegister HTTP/1.1" 500 4374 http-bio-8080-exec-10 8
192.168.10.1 - - [06/Aug/2020:16:07:17 +0800] "GET /UserSystem HTTP/1.1" 302 - http-bio-8080-exec-2 0
192.168.10.1 - - [06/Aug/2020:16:07:17 +0800] "GET /UserSystem/ HTTP/1.1" 302 - http-bio-8080-exec-3 61
192.168.10.1 - - [06/Aug/2020:16:07:18 +0800] "GET /UserSystem/user/gotoLogin HTTP/1.1" 200 446 http-bio-8080-exec-4 872
192.168.10.1 - - [06/Aug/2020:16:07:20 +0800] "GET /UserSystem/user/gotoRegister HTTP/1.1" 500 4374 http-bio-8080-exec-5 16
192.168.10.1 - - [06/Aug/2020:16:11:58 +0800] "GET / HTTP/1.1" 404 - http-bio-8080-exec-1 0
192.168.10.1 - - [06/Aug/2020:16:12:05 +0800] "GET /UserSystem HTTP/1.1" 302 - http-bio-8080-exec-3 0
192.168.10.1 - - [06/Aug/2020:16:12:05 +0800] "GET /UserSystem/ HTTP/1.1" 302 - http-bio-8080-exec-4 37
192.168.10.1 - - [06/Aug/2020:16:12:05 +0800] "GET /UserSystem/user/gotoLogin HTTP/1.1" 200 446 http-bio-8080-exec-5 246
192.168.10.1 - - [06/Aug/2020:16:12:07 +0800] "GET /UserSystem/user/gotoRegister HTTP/1.1" 500 4374 http-bio-8080-exec-6 13
127.0.0.1 - - [06/Aug/2020:16:13:19 +0800] "PUT /manager/text/deploy?path=%2FUserSystem&update=true HTTP/1.1" 404 - http-bio-8080-exec-7 0
192.168.10.1 - - [06/Aug/2020:16:13:23 +0800] "GET /UserSystem/user/gotoRegister HTTP/1.1" 500 4374 http-bio-8080-exec-9 6
192.168.10.1 - - [06/Aug/2020:16:13:24 +0800] "GET /UserSystem/user/gotoRegister HTTP/1.1" 500 4374 http-bio-8080-exec-10 6
192.168.10.1 - - [06/Aug/2020:16:13:25 +0800] "GET /UserSystem/user/gotoRegister HTTP/1.1" 500 4374 http-bio-8080-exec-1 5
192.168.10.1 - - [06/Aug/2020:16:13:26 +0800] "GET /UserSystem/user/gotoRegister HTTP/1.1" 500 4374 http-bio-8080-exec-3 4
192.168.10.1 - - [06/Aug/2020:16:13:26 +0800] "GET /UserSystem/user/gotoRegister HTTP/1.1" 500 4374 http-bio-8080-exec-4 4
192.168.10.1 - - [06/Aug/2020:16:13:27 +0800] "GET /UserSystem/user/gotoRegister HTTP/1.1" 500 4374 http-bio-8080-exec-5 4
192.168.10.1 - - [06/Aug/2020:16:13:35 +0800] "GET /UserSystem/user/gotoRegister HTTP/1.1" 500 4374 http-bio-8080-exec-6 5
192.168.10.1 - - [06/Aug/2020:16:13:39 +0800] "GET /UserSystem/user/gotoRegister HTTP/1.1" 500 4374 http-bio-8080-exec-2 5
192.168.10.1 - - [06/Aug/2020:16:13:56 +0800] "GET /UserSystem HTTP/1.1" 302 - http-bio-8080-exec-8 0
192.168.10.1 - - [06/Aug/2020:16:13:56 +0800] "GET /UserSystem/ HTTP/1.1" 302 - http-bio-8080-exec-8 2
192.168.10.1 - - [06/Aug/2020:16:13:56 +0800] "GET /UserSystem/user/gotoLogin HTTP/1.1" 200 446 http-bio-8080-exec-8 2
192.168.10.1 - - [06/Aug/2020:16:13:58 +0800] "GET /UserSystem/user/gotoRegister HTTP/1.1" 500 4374 http-bio-8080-exec-8 5
192.168.10.1 - - [06/Aug/2020:16:14:03 +0800] "GET /UserSystem/user/gotoRegister HTTP/1.1" 500 4374 http-bio-8080-exec-9 4
192.168.10.1 - - [06/Aug/2020:16:14:14 +0800] "GET /UserSystem HTTP/1.1" 302 - http-bio-8080-exec-5 0
192.168.10.1 - - [06/Aug/2020:16:14:14 +0800] "GET /UserSystem/ HTTP/1.1" 302 - http-bio-8080-exec-5 2
192.168.10.1 - - [06/Aug/2020:16:14:14 +0800] "GET /UserSystem/user/gotoLogin HTTP/1.1" 200 446 http-bio-8080-exec-5 2
192.168.10.1 - - [06/Aug/2020:16:14:18 +0800] "POST /UserSystem/user/doLogin HTTP/1.1" 200 485 http-bio-8080-exec-5 50
127.0.0.1 - - [06/Aug/2020:16:14:59 +0800] "PUT /manager/text/deploy?path=%2FUserSystem&update=true HTTP/1.1" 404 - http-bio-8080-exec-3 0
192.168.10.1 - - [06/Aug/2020:16:15:00 +0800] "GET /UserSystem HTTP/1.1" 302 - http-bio-8080-exec-5 0
192.168.10.1 - - [06/Aug/2020:16:15:00 +0800] "GET /UserSystem/ HTTP/1.1" 302 - http-bio-8080-exec-5 2
192.168.10.1 - - [06/Aug/2020:16:15:01 +0800] "GET /UserSystem/user/gotoLogin HTTP/1.1" 200 446 http-bio-8080-exec-5 611
192.168.10.1 - - [06/Aug/2020:16:15:02 +0800] "GET /UserSystem/user/gotoRegister HTTP/1.1" 500 4374 http-bio-8080-exec-5 6
127.0.0.1 - - [06/Aug/2020:16:15:28 +0800] "PUT /manager/text/deploy?path=%2FUserSystem&update=true HTTP/1.1" 404 - http-bio-8080-exec-10 0
192.168.10.1 - - [06/Aug/2020:16:15:30 +0800] "GET /UserSystem HTTP/1.1" 302 - http-bio-8080-exec-6 0
192.168.10.1 - - [06/Aug/2020:16:15:30 +0800] "GET /UserSystem/ HTTP/1.1" 302 - http-bio-8080-exec-8 1
192.168.10.1 - - [06/Aug/2020:16:15:30 +0800] "GET /UserSystem/user/gotoLogin HTTP/1.1" 200 461 http-bio-8080-exec-8 64
192.168.10.1 - - [06/Aug/2020:16:15:31 +0800] "GET /UserSystem/user/gotoRegister HTTP/1.1" 500 4374 http-bio-8080-exec-8 4
192.168.10.1 - - [06/Aug/2020:16:22:38 +0800] "GET /UserSystem HTTP/1.1" 302 - http-bio-8080-exec-7 0
192.168.10.1 - - [06/Aug/2020:16:22:38 +0800] "GET /UserSystem/ HTTP/1.1" 302 - http-bio-8080-exec-7 1
192.168.10.1 - - [06/Aug/2020:16:22:38 +0800] "GET /UserSystem/user/gotoLogin HTTP/1.1" 200 461 http-bio-8080-exec-7 3
192.168.10.1 - - [06/Aug/2020:16:22:43 +0800] "GET /UserSystem/user/gotoRegister HTTP/1.1" 500 4374 http-bio-8080-exec-7 4
127.0.0.1 - - [06/Aug/2020:17:03:52 +0800] "PUT /manager/text/deploy?path=%2FUserSystem&update=true HTTP/1.1" 404 - http-bio-8080-exec-6 0
192.168.10.1 - - [06/Aug/2020:17:03:55 +0800] "GET /UserSystem HTTP/1.1" 302 - http-bio-8080-exec-2 0
192.168.10.1 - - [06/Aug/2020:17:03:55 +0800] "GET /UserSystem/ HTTP/1.1" 302 - http-bio-8080-exec-2 2
192.168.10.1 - - [06/Aug/2020:17:03:56 +0800] "GET /UserSystem/user/gotoLogin HTTP/1.1" 200 446 http-bio-8080-exec-2 60
192.168.10.1 - - [06/Aug/2020:17:03:57 +0800] "GET /UserSystem/user/gotoRegister HTTP/1.1" 500 4374 http-bio-8080-exec-2 4
192.168.10.1 - - [06/Aug/2020:17:04:53 +0800] "GET /UserSystem/user HTTP/1.1" 404 949 http-bio-8080-exec-1 195
192.168.10.1 - - [06/Aug/2020:17:04:56 +0800] "GET /UserSystem HTTP/1.1" 302 - http-bio-8080-exec-3 0
192.168.10.1 - - [06/Aug/2020:17:04:56 +0800] "GET /UserSystem/ HTTP/1.1" 302 - http-bio-8080-exec-4 28
192.168.10.1 - - [06/Aug/2020:17:04:56 +0800] "GET /UserSystem/user/gotoLogin HTTP/1.1" 200 446 http-bio-8080-exec-5 75
192.168.10.1 - - [06/Aug/2020:17:04:58 +0800] "GET /UserSystem/user/gotoRegister HTTP/1.1" 200 446 http-bio-8080-exec-6 307
192.168.10.1 - - [06/Aug/2020:17:05:24 +0800] "POST /UserSystem/user/doLogin HTTP/1.1" 200 446 http-bio-8080-exec-7 44
192.168.10.1 - - [06/Aug/2020:17:05:44 +0800] "GET /UserSystem/user/gotoRegister HTTP/1.1" 200 446 http-bio-8080-exec-9 7
127.0.0.1 - - [06/Aug/2020:17:06:12 +0800] "PUT /manager/text/deploy?path=%2FUserSystem&update=true HTTP/1.1" 404 - http-bio-8080-exec-3 0
192.168.10.1 - - [06/Aug/2020:17:06:18 +0800] "GET /UserSystem HTTP/1.1" 302 - http-bio-8080-exec-9 0
192.168.10.1 - - [06/Aug/2020:17:06:18 +0800] "GET /UserSystem/ HTTP/1.1" 302 - http-bio-8080-exec-9 1
192.168.10.1 - - [06/Aug/2020:17:06:18 +0800] "GET /UserSystem/user/gotoLogin HTTP/1.1" 200 446 http-bio-8080-exec-9 2
192.168.10.1 - - [06/Aug/2020:17:06:21 +0800] "GET /UserSystem/user/gotoRegister HTTP/1.1" 200 446 http-bio-8080-exec-9 5
192.168.10.1 - - [06/Aug/2020:17:07:06 +0800] "GET /UserSystem HTTP/1.1" 302 - http-bio-8080-exec-1 0
192.168.10.1 - - [06/Aug/2020:17:07:06 +0800] "GET /UserSystem/ HTTP/1.1" 302 - http-bio-8080-exec-3 35
192.168.10.1 - - [06/Aug/2020:17:07:06 +0800] "GET /UserSystem/user/gotoLogin HTTP/1.1" 200 446 http-bio-8080-exec-4 231
192.168.10.1 - - [06/Aug/2020:17:07:09 +0800] "GET /UserSystem/user/gotoRegister HTTP/1.1" 200 885 http-bio-8080-exec-5 299
127.0.0.1 - - [06/Aug/2020:17:07:35 +0800] "PUT /manager/text/deploy?path=%2FUserSystem&update=true HTTP/1.1" 404 - http-bio-8080-exec-7 0
192.168.10.1 - - [06/Aug/2020:17:07:38 +0800] "GET /UserSystem HTTP/1.1" 302 - http-bio-8080-exec-6 0
192.168.10.1 - - [06/Aug/2020:17:07:38 +0800] "GET /UserSystem/ HTTP/1.1" 302 - http-bio-8080-exec-10 2
192.168.10.1 - - [06/Aug/2020:17:07:38 +0800] "GET /UserSystem/user/gotoLogin HTTP/1.1" 200 446 http-bio-8080-exec-10 4
192.168.10.1 - - [06/Aug/2020:17:07:40 +0800] "GET /UserSystem/user/gotoRegister HTTP/1.1" 200 789 http-bio-8080-exec-10 383
192.168.10.1 - - [06/Aug/2020:17:07:57 +0800] "POST /UserSystem/user/doRegister HTTP/1.1" 200 801 http-bio-8080-exec-4 101
192.168.10.1 - - [06/Aug/2020:17:08:15 +0800] "POST /UserSystem/user/doRegister HTTP/1.1" 200 801 http-bio-8080-exec-4 14
192.168.10.1 - - [06/Aug/2020:17:21:47 +0800] "GET /UserSystem HTTP/1.1" 302 - http-bio-8080-exec-6 0
192.168.10.1 - - [06/Aug/2020:17:21:47 +0800] "GET /UserSystem/ HTTP/1.1" 302 - http-bio-8080-exec-6 2
192.168.10.1 - - [06/Aug/2020:17:21:47 +0800] "GET /UserSystem/user/gotoLogin HTTP/1.1" 200 446 http-bio-8080-exec-6 2
192.168.10.1 - - [06/Aug/2020:17:21:49 +0800] "GET /UserSystem/user/gotoRegister HTTP/1.1" 200 789 http-bio-8080-exec-6 7
192.168.10.1 - - [06/Aug/2020:17:22:02 +0800] "POST /UserSystem/user/doRegister HTTP/1.1" 200 801 http-bio-8080-exec-6 12
127.0.0.1 - - [06/Aug/2020:17:24:55 +0800] "PUT /manager/text/deploy?path=%2FUserSystem&update=true HTTP/1.1" 404 - http-bio-8080-exec-7 0
192.168.10.1 - - [06/Aug/2020:17:24:59 +0800] "GET /UserSystem HTTP/1.1" 302 - http-bio-8080-exec-3 0
192.168.10.1 - - [06/Aug/2020:17:24:59 +0800] "GET /UserSystem/ HTTP/1.1" 302 - http-bio-8080-exec-3 3
192.168.10.1 - - [06/Aug/2020:17:24:59 +0800] "GET /UserSystem/user/gotoLogin HTTP/1.1" 200 446 http-bio-8080-exec-3 2
192.168.10.1 - - [06/Aug/2020:17:25:01 +0800] "GET /UserSystem/user/gotoRegister HTTP/1.1" 200 789 http-bio-8080-exec-3 7
192.168.10.1 - - [06/Aug/2020:17:25:11 +0800] "POST /UserSystem/user/doRegister HTTP/1.1" 200 801 http-bio-8080-exec-3 15
192.168.10.1 - - [06/Aug/2020:17:25:48 +0800] "POST /UserSystem/user/doRegister HTTP/1.1" 200 801 http-bio-8080-exec-3 14
192.168.10.1 - - [06/Aug/2020:17:26:47 +0800] "GET /UserSystem HTTP/1.1" 302 - http-bio-8080-exec-1 0
192.168.10.1 - - [06/Aug/2020:17:26:47 +0800] "GET /UserSystem/ HTTP/1.1" 302 - http-bio-8080-exec-3 53
192.168.10.1 - - [06/Aug/2020:17:26:47 +0800] "GET /UserSystem/user/gotoLogin HTTP/1.1" 200 446 http-bio-8080-exec-4 355
192.168.10.1 - - [06/Aug/2020:17:26:49 +0800] "GET /UserSystem/user/gotoRegister HTTP/1.1" 200 789 http-bio-8080-exec-5 373
192.168.10.1 - - [06/Aug/2020:17:26:59 +0800] "POST /UserSystem/user/doRegister HTTP/1.1" 200 801 http-bio-8080-exec-6 122
192.168.10.1 - - [06/Aug/2020:17:28:52 +0800] "GET /UserSystem/ HTTP/1.1" 302 - http-bio-8080-exec-1 61
192.168.10.1 - - [06/Aug/2020:17:28:53 +0800] "GET /UserSystem/user/gotoLogin HTTP/1.1" 200 446 http-bio-8080-exec-3 296
192.168.10.1 - - [06/Aug/2020:17:28:55 +0800] "GET /UserSystem/user/gotoRegister HTTP/1.1" 200 789 http-bio-8080-exec-4 401
192.168.10.1 - - [06/Aug/2020:17:29:01 +0800] "POST /UserSystem/user/doRegister HTTP/1.1" 200 446 http-bio-8080-exec-5 54
192.168.10.1 - - [06/Aug/2020:17:30:01 +0800] "GET /UserSystem HTTP/1.1" 302 - http-bio-8080-exec-7 0
192.168.10.1 - - [06/Aug/2020:17:30:01 +0800] "GET /UserSystem/ HTTP/1.1" 302 - http-bio-8080-exec-9 2
192.168.10.1 - - [06/Aug/2020:17:30:01 +0800] "GET /UserSystem/user/gotoLogin HTTP/1.1" 200 446 http-bio-8080-exec-10 4
192.168.10.1 - - [06/Aug/2020:17:30:02 +0800] "GET /UserSystem/user/gotoRegister HTTP/1.1" 200 888 http-bio-8080-exec-10 7
192.168.10.1 - - [06/Aug/2020:17:30:18 +0800] "POST /UserSystem/user/doRegister HTTP/1.1" 200 446 http-bio-8080-exec-10 18
192.168.10.1 - - [06/Aug/2020:17:35:21 +0800] "GET /UserSystem/ HTTP/1.1" 302 - http-bio-8080-exec-1 57
192.168.10.1 - - [06/Aug/2020:17:35:21 +0800] "GET /UserSystem/user/gotoLogin HTTP/1.1" 200 446 http-bio-8080-exec-3 242
192.168.10.1 - - [06/Aug/2020:17:35:23 +0800] "GET /UserSystem/user/gotoRegister HTTP/1.1" 500 4374 http-bio-8080-exec-4 19
127.0.0.1 - - [06/Aug/2020:17:36:20 +0800] "PUT /manager/text/deploy?path=%2FUserSystem&update=true HTTP/1.1" 404 - http-bio-8080-exec-5 0
192.168.10.1 - - [06/Aug/2020:17:36:23 +0800] "GET /UserSystem HTTP/1.1" 302 - http-bio-8080-exec-7 0
192.168.10.1 - - [06/Aug/2020:17:36:23 +0800] "GET /UserSystem/ HTTP/1.1" 302 - http-bio-8080-exec-9 2
192.168.10.1 - - [06/Aug/2020:17:36:23 +0800] "GET /UserSystem/user/gotoLogin HTTP/1.1" 200 446 http-bio-8080-exec-10 3
192.168.10.1 - - [06/Aug/2020:17:36:25 +0800] "GET /UserSystem/user/gotoRegister HTTP/1.1" 500 4374 http-bio-8080-exec-10 5
127.0.0.1 - - [06/Aug/2020:17:37:10 +0800] "PUT /manager/text/deploy?path=%2FUserSystem&update=true HTTP/1.1" 404 - http-bio-8080-exec-3 0
192.168.10.1 - - [06/Aug/2020:17:37:14 +0800] "GET /UserSystem/ HTTP/1.1" 302 - http-bio-8080-exec-2 2
192.168.10.1 - - [06/Aug/2020:17:37:14 +0800] "GET /UserSystem/user/gotoLogin HTTP/1.1" 200 446 http-bio-8080-exec-2 3
192.168.10.1 - - [06/Aug/2020:17:37:39 +0800] "GET /UserSystem/ HTTP/1.1" 302 - http-bio-8080-exec-1 49
192.168.10.1 - - [06/Aug/2020:17:37:39 +0800] "GET /UserSystem/user/gotoLogin HTTP/1.1" 200 446 http-bio-8080-exec-3 225
192.168.10.1 - - [06/Aug/2020:17:37:41 +0800] "GET /UserSystem/user/gotoRegister HTTP/1.1" 200 888 http-bio-8080-exec-4 324
192.168.10.1 - - [06/Aug/2020:17:39:05 +0800] "GET /UserSystem/ HTTP/1.1" 302 - http-bio-8080-exec-1 57
192.168.10.1 - - [06/Aug/2020:17:39:05 +0800] "GET /UserSystem/user/gotoLogin HTTP/1.1" 200 446 http-bio-8080-exec-3 257
192.168.10.1 - - [06/Aug/2020:17:39:07 +0800] "GET /UserSystem/user/gotoRegister HTTP/1.1" 200 708 http-bio-8080-exec-4 406
127.0.0.1 - - [06/Aug/2020:17:40:19 +0800] "PUT /manager/text/deploy?path=%2FUserSystem&update=true HTTP/1.1" 404 - http-bio-8080-exec-6 0
192.168.10.1 - - [06/Aug/2020:17:40:45 +0800] "GET /UserSystem HTTP/1.1" 302 - http-bio-8080-exec-1 0
192.168.10.1 - - [06/Aug/2020:17:40:45 +0800] "GET /UserSystem/ HTTP/1.1" 302 - http-bio-8080-exec-3 50
192.168.10.1 - - [06/Aug/2020:17:40:45 +0800] "GET /UserSystem/user/gotoLogin HTTP/1.1" 200 446 http-bio-8080-exec-4 290
192.168.10.1 - - [06/Aug/2020:17:40:47 +0800] "GET /UserSystem/user/gotoRegister HTTP/1.1" 200 888 http-bio-8080-exec-5 778
